a procesar: 1029
Image too small to scale!! (2x36 vs min width of 3)
Line cannot be recognized!!
Warning: fetchStandardFontData: failed to fetch file "FoxitSerif.pfb" with "UnknownErrorException: The standard font "baseUrl" parameter must be specified, ensure that the "standardFontDataUrl" API parameter is provided.".
Warning: getPathGenerator - ignoring character: "Error: Requesting object that isn't resolved yet Times_path_I.".
Warning: getPathGenerator - ignoring character: "Error: Requesting object that isn't resolved yet Times_path_F.".
Warning: getPathGenerator - ignoring character: "Error: Requesting object that isn't resolved yet Times_path_-.".
Warning: getPathGenerator - ignoring character: "Error: Requesting object that isn't resolved yet Times_path_2.".
Warning: getPathGenerator - ignoring character: "Error: Requesting object that isn't resolved yet Times_path_0.".
Warning: getPathGenerator - ignoring character: "Error: Requesting object that isn't resolved yet Times_path_5.".
Warning: getPathGenerator - ignoring character: "Error: Requesting object that isn't resolved yet Times_path_3.".
Warning: getPathGenerator - ignoring character: "Error: Requesting object that isn't resolved yet Times_path_6.".
Warning: getPathGenerator - ignoring character: "Error: Requesting object that isn't resolved yet Times_path_9.".
Warning: getPathGenerator - ignoring character: "Error: Requesting object that isn't resolved yet Times_path_1.".
Warning: getPathGenerator - ignoring character: "Error: Requesting object that isn't resolved yet Times_path_G.".
Warning: getPathGenerator - ignoring character: "Error: Requesting object that isn't resolved yet Times_path_D.".
Warning: getPathGenerator - ignoring character: "Error: Requesting object that isn't resolved yet Times_path_E.".
Warning: getPathGenerator - ignoring character: "Error: Requesting object that isn't resolved yet Times_path_B.".
Warning: getPathGenerator - ignoring character: "Error: Requesting object that isn't resolved yet Times_path_A.".
Warning: getPathGenerator - ignoring character: "Error: Requesting object that isn't resolved yet Times_path_H.".
Warning: getPathGenerator - ignoring character: "Error: Requesting object that isn't resolved yet Times_path_P.".
Warning: getPathGenerator - ignoring character: "Error: Requesting object that isn't resolved yet Times_path_M.".
Warning: getPathGenerator - ignoring character: "Error: Requesting object that isn't resolved yet Times_path_S.".
Warning: getPathGenerator - ignoring character: "Error: Requesting object that isn't resolved yet Times_path_L.".
Warning: getPathGenerator - ignoring character: "Error: Requesting object that isn't resolved yet Times_path_p.".
Warning: getPathGenerator - ignoring character: "Error: Requesting object that isn't resolved yet Times_path_á.".
Warning: getPathGenerator - ignoring character: "Error: Requesting object that isn't resolved yet Times_path_g.".
Warning: getPathGenerator - ignoring character: "Error: Requesting object that isn't resolved yet Times_path_i.".
Warning: getPathGenerator - ignoring character: "Error: Requesting object that isn't resolved yet Times_path_n.".
Warning: getPathGenerator - ignoring character: "Error: Requesting object that isn't resolved yet Times_path_a.".
Warning: getPathGenerator - ignoring character: "Error: Requesting object that isn't resolved yet Times_path_ .".
Warning: getPathGenerator - ignoring character: "Error: Requesting object that isn't resolved yet Times_path_d.".
Warning: getPathGenerator - ignoring character: "Error: Requesting object that isn't resolved yet Times_path_e.".
Warning: getPathGenerator - ignoring character: "Error: Requesting object that isn't resolved yet Times_path_7.".
Image too small to scale!! (1x36 vs min width of 3)
Line cannot be recognized!!
Image too small to scale!! (1x36 vs min width of 3)
Line cannot be recognized!!
Image too small to scale!! (2x36 vs min width of 3)
Line cannot be recognized!!
